Component: ARM Compiler 5.06 update 6 (build 750) Tool: armlink [4d35ed]

==============================================================================

Section Cross References

    main.o(.text) refers to delay.o(.text) for delay_init
    main.o(.text) refers to oled.o(.text) for OLED_Init
    main.o(.text) refers to key.o(.text) for KEY_Init
    main.o(.text) refers to exti.o(.text) for EXTIX_Init
    main.o(.text) refers to led.o(.text) for LED_Init
    main.o(.text) refers to keyscan.o(.text) for KEY_BIGInit
    main.o(.text) refers to rc522.o(.text) for RC522_Init
    main.o(.text) refers to pwm.o(.text) for PWM_Init
    main.o(.text) refers to pwm.o(.data) for SB
    main.o(.text) refers to main.o(.data) for a
    main.o(.text) refers to rc522.o(.data) for card0_bit
    system_stm32f10x.o(.text) refers to system_stm32f10x.o(.data) for SystemCoreClock
    rc522.o(.text) refers to _printf_percent.o(.ARM.Collect$$_printf_percent$$00000000) for _printf_percent
    rc522.o(.text) refers to _printf_s.o(.ARM.Collect$$_printf_percent$$00000014) for _printf_s
    rc522.o(.text) refers to _printf_str.o(.text) for _printf_str
    rc522.o(.text) refers to _printf_pad.o(.text) for _printf_pre_padding
    rc522.o(.text) refers to _printf_x.o(.ARM.Collect$$_printf_percent$$0000000C) for _printf_x
    rc522.o(.text) refers to _printf_hex_int.o(.text) for _printf_longlong_hex
    rc522.o(.text) refers to delay.o(.text) for delay_ms
    rc522.o(.text) refers to oled.o(.text) for OLED_Init
    rc522.o(.text) refers to noretval__2printf.o(.text) for __2printf
    rc522.o(.text) refers to stm32f10x_gpio.o(.text) for GPIO_SetBits
    rc522.o(.text) refers to main.o(.data) for JD
    rc522.o(.text) refers to rc522.o(.data) for card_0
    rc522.o(.text) refers to rt_memcpy_v6.o(.text) for __aeabi_memcpy
    rc522.o(.text) refers to rc522.o(.bss) for DATA
    rc522.o(.text) refers to rt_memcpy_w.o(.text) for __aeabi_memcpy4
    rc522.o(.text) refers to rc522.o(.constdata) for .constdata
    rc522.o(.text) refers to stm32f10x_rcc.o(.text) for RCC_APB2PeriphClockCmd
    rc522.o(.text) refers to stm32f10x_spi.o(.text) for SPI_Init
    led.o(.text) refers to stm32f10x_rcc.o(.text) for RCC_APB2PeriphClockCmd
    led.o(.text) refers to stm32f10x_gpio.o(.text) for GPIO_Init
    oled.o(.text) refers to stm32f10x_gpio.o(.text) for GPIO_SetBits
    oled.o(.text) refers to oled.o(.bss) for OLED_GRAM
    oled.o(.text) refers to stm32f10x_rcc.o(.text) for RCC_APB2PeriphClockCmd
    oled.o(.text) refers to delay.o(.text) for delay_ms
    oled.o(.text) refers to oled.o(.constdata) for asc2_1206
    oled.o(.text) refers to oled.o(.data) for Hzk1
    keyscan.o(.text) refers to stm32f10x_rcc.o(.text) for RCC_APB2PeriphClockCmd
    keyscan.o(.text) refers to stm32f10x_gpio.o(.text) for GPIO_Init
    keyscan.o(.text) refers to delay.o(.text) for delay_ms
    key.o(.text) refers to stm32f10x_rcc.o(.text) for RCC_APB2PeriphClockCmd
    key.o(.text) refers to stm32f10x_gpio.o(.text) for GPIO_PinRemapConfig
    key.o(.text) refers to delay.o(.text) for delay_ms
    key.o(.text) refers to key.o(.data) for key_up
    exti.o(.text) refers to stm32f10x_rcc.o(.text) for RCC_APB2PeriphClockCmd
    exti.o(.text) refers to key.o(.text) for KEY_Init
    exti.o(.text) refers to stm32f10x_gpio.o(.text) for GPIO_EXTILineConfig
    exti.o(.text) refers to stm32f10x_exti.o(.text) for EXTI_Init
    exti.o(.text) refers to misc.o(.text) for NVIC_Init
    exti.o(.text) refers to delay.o(.text) for delay_ms
    exti.o(.text) refers to main.o(.data) for a
    pwm.o(.text) refers to stm32f10x_rcc.o(.text) for RCC_APB1PeriphClockCmd
    pwm.o(.text) refers to stm32f10x_gpio.o(.text) for GPIO_Init
    pwm.o(.text) refers to stm32f10x_tim.o(.text) for TIM_InternalClockConfig
    delay.o(.text) refers to misc.o(.text) for SysTick_CLKSourceConfig
    delay.o(.text) refers to system_stm32f10x.o(.data) for SystemCoreClock
    delay.o(.text) refers to delay.o(.data) for fac_us
    startup_stm32f10x_hd.o(STACK) refers (Special) to heapauxi.o(.text) for __use_two_region_memory
    startup_stm32f10x_hd.o(HEAP) refers (Special) to heapauxi.o(.text) for __use_two_region_memory
    startup_stm32f10x_hd.o(RESET) refers (Special) to heapauxi.o(.text) for __use_two_region_memory
    startup_stm32f10x_hd.o(RESET) refers to startup_stm32f10x_hd.o(STACK) for __initial_sp
    startup_stm32f10x_hd.o(RESET) refers to startup_stm32f10x_hd.o(.text) for Reset_Handler
    startup_stm32f10x_hd.o(RESET) refers to stm32f10x_it.o(.text) for NMI_Handler
    startup_stm32f10x_hd.o(RESET) refers to exti.o(.text) for EXTI9_5_IRQHandler
    startup_stm32f10x_hd.o(.text) refers (Special) to heapauxi.o(.text) for __use_two_region_memory
    startup_stm32f10x_hd.o(.text) refers to system_stm32f10x.o(.text) for SystemInit
    startup_stm32f10x_hd.o(.text) refers to __main.o(!!!main) for __main
    startup_stm32f10x_hd.o(.text) refers to startup_stm32f10x_hd.o(HEAP) for Heap_Mem
[...]
    .ARM.Collect$$rtentry$$00000004          0x0800020c   Section        6  __rtentry4.o(.ARM.Collect$$rtentry$$00000004)
    .ARM.Collect$$rtentry$$00000009          0x08000212   Section        0  __rtentry2.o(.ARM.Collect$$rtentry$$00000009)
    .ARM.Collect$$rtentry$$0000000A          0x08000212   Section        4  __rtentry2.o(.ARM.Collect$$rtentry$$0000000A)
    .ARM.Collect$$rtentry$$0000000C          0x08000216   Section        0  __rtentry2.o(.ARM.Collect$$rtentry$$0000000C)
    .ARM.Collect$$rtentry$$0000000D          0x08000216   Section        8  __rtentry2.o(.ARM.Collect$$rtentry$$0000000D)
    .ARM.Collect$$rtexit$$00000000           0x0800021e   Section        2  rtexit.o(.ARM.Collect$$rtexit$$00000000)
    .ARM.Collect$$rtexit$$00000002           0x08000220   Section        0  rtexit2.o(.ARM.Collect$$rtexit$$00000002)
    .ARM.Collect$$rtexit$$00000003           0x08000220   Section        4  rtexit2.o(.ARM.Collect$$rtexit$$00000003)
    .ARM.Collect$$rtexit$$00000004           0x08000224   Section        6  rtexit2.o(.ARM.Collect$$rtexit$$00000004)
    .emb_text                                0x0800022c   Section        0  maybetermalloc1.o(.emb_text)
    .text                                    0x0800022c   Section        0  main.o(.text)
    .text                                    0x080011b8   Section        0  stm32f10x_it.o(.text)
    .text                                    0x080011d4   Section        0  system_stm32f10x.o(.text)
    SetSysClockTo72                          0x080011d5   Thumb Code   214  system_stm32f10x.o(.text)
    SetSysClock                              0x080012ab   Thumb Code     8  system_stm32f10x.o(.text)
    .text                                    0x080013b4   Section        0  rc522.o(.text)
    .text                                    0x0800300c   Section        0  led.o(.text)
    .text                                    0x08003074   Section        0  oled.o(.text)
    .text                                    0x0800392c   Section        0  keyscan.o(.text)
    .text                                    0x08003bc4   Section        0  key.o(.text)
    .text                                    0x08003c84   Section        0  exti.o(.text)
    .text                                    0x08003d68   Section        0  pwm.o(.text)
    .text                                    0x08003e28   Section        0  delay.o(.text)
    .text                                    0x08003efc   Section       64  startup_stm32f10x_hd.o(.text)
    .text                                    0x08003f3c   Section        0  misc.o(.text)
    .text                                    0x08004018   Section        0  stm32f10x_gpio.o(.text)
    .text                                    0x08004374   Section        0  stm32f10x_rcc.o(.text)
    .text                                    0x08004718   Section        0  stm32f10x_tim.o(.text)
    TI4_Config                               0x08004bbf   Thumb Code   130  stm32f10x_tim.o(.text)
    TI3_Config                               0x08004c53   Thumb Code   122  stm32f10x_tim.o(.text)
    TI2_Config                               0x08004ce7   Thumb Code   130  stm32f10x_tim.o(.text)
    TI1_Config                               0x08004d7b   Thumb Code   108  stm32f10x_tim.o(.text)
    .text                                    0x08005534   Section        0  stm32f10x_spi.o(.text)
    .text                                    0x08005840   Section        0  stm32f10x_exti.o(.text)
    .text                                    0x0800595c   Section        0  noretval__2printf.o(.text)
    .text                                    0x08005974   Section        0  _printf_pad.o(.text)
    .text                                    0x080059c2   Section        0  _printf_str.o(.text)
    .text                                    0x08005a14   Section        0  _printf_hex_int.o(.text)
    .text                                    0x08005a6c   Section        0  __printf_flags_wp.o(.text)
    .text                                    0x08005ba4   Section      138  rt_memcpy_v6.o(.text)
    .text                                    0x08005c2e   Section      100  rt_memcpy_w.o(.text)
    .text                                    0x08005c92   Section       78  rt_memclr_w.o(.text)
    .text                                    0x08005ce0   Section        0  heapauxi.o(.text)
    .text                                    0x08005ce6   Section        0  _printf_intcommon.o(.text)
    .text                                    0x08005d98   Section        0  _printf_char.o(.text)
    .text                                    0x08005dc4   Section        0  _printf_char_file.o(.text)
    .text                                    0x08005de8   Section        0  _printf_char_common.o(.text)
    _printf_input_char                       0x08005de9   Thumb Code    10  _printf_char_common.o(.text)
    .text                                    0x08005e18   Section        0  ferror.o(.text)
    .text                                    0x08005e20   Section        0  initio.o(.text)
    .text                                    0x08005f58   Section        0  sys_io.o(.text)
    .text                                    0x08005fbe   Section       74  sys_stackheap_outer.o(.text)
    .text                                    0x08006008   Section        0  h1_free.o(.text)
    .text                                    0x08006056   Section        0  flsbuf.o(.text)
    .text                                    0x0800622c   Section        0  setvbuf.o(.text)
    .text                                    0x08006274   Section        0  fopen.o(.text)
    _freopen_locked                          0x08006275   Thumb Code     0  fopen.o(.text)
    .text                                    0x08006360   Section        0  fclose.o(.text)
    .text                                    0x080063ac   Section        0  exit.o(.text)
    .text                                    0x080063be   Section        0  defsig_rtred_outer.o(.text)
    .text                                    0x080063cc   Section        8  libspace.o(.text)
    .text                                    0x080063d4   Section        2  use_no_semi.o(.text)
    .text                                    0x080063d6   Section        0  indicate_semi.o(.text)
    .text                                    0x080063d8   Section        8  rt_heap_descriptor_intlibspace.o(.text)
    .text                                    0x080063e0   Section        0  hguard.o(.text)
    .text                                    0x080063e4   Section        0  init_alloc.o(.text)
    .text                                    0x0800646e   Section        0  h1_alloc.o(.text)
    .text                                    0x080064cc   Section        0  fseek.o(.text)
    .text                                    0x080065c4   Section        0  stdio.o(.text)
    .text                                    0x080066b4   Section        0  defsig_exit.o(.text)
    .text                                    0x080066c0   Section        0  defsig_rtred_inner.o(.text)
    .text                                    0x080066f4   Section        0  strlen.o(.text)
    .text                                    0x08006734   Section        0  sys_exit.o(.text)
    .text                                    0x08006740   Section        0  h1_init.o(.text)
    .text                                    0x0800674e   Section        0  h1_extend.o(.text)
    .text                                    0x08006782   Section        0  ftell.o(.text)
    .text                                    0x080067c4   Section        0  defsig_general.o(.text)
    .text                                    0x080067f6   Section        0  defsig_rtmem_outer.o(.text)
    .text                                    0x08006804   Section        0  sys_wrch.o(.text)
    .text                                    0x08006814   Section        8  rt_errno_addr_intlibspace.o(.text)
    .text                                    0x0800681c   Section        0  defsig_rtmem_inner.o(.text)
    i._is_digit                              0x0800686c   Section        0  __printf_wp.o(i._is_digit)
    i.fputc                                  0x0800687a   Section        0  fputc.o(i.fputc)
    .constdata                               0x08006894   Section      257  rc522.o(.constdata)
    .constdata                               0x08006995   Section     6080  oled.o(.constdata)
    .constdata                               0x08008155   Section       40  _printf_hex_int.o(.constdata)
    uc_hextab                                0x08008155   Data          20  _printf_hex_int.o(.constdata)
    lc_hextab                                0x08008169   Data          20  _printf_hex_int.o(.constdata)
    .constdata                               0x0800817d   Section       17  __printf_flags_wp.o(.constdata)
    maptable                                 0x0800817d   Data          17  __printf_flags_wp.o(.constdata)
    .constdata                               0x0800818e   Section        4  sys_io.o(.constdata)
    .constdata                               0x08008192   Section        4  sys_io.o(.constdata)
    .constdata                               0x08008196   Section        4  sys_io.o(.constdata)
    .data                                    0x20000000   Section       84  main.o(.data)
    .data                                    0x20000054   Section       20  system_stm32f10x.o(.data)
    .data                                    0x20000068   Section      135  rc522.o(.data)
    .data                                    0x200000ef   Section     5688  oled.o(.data)
    .data                                    0x20001727   Section        1  key.o(.data)
    key_up                                   0x20001727   Data           1  key.o(.data)
    .data                                    0x20001728   Section        4  pwm.o(.data)
    .data                                    0x2000172c   Section        4  delay.o(.data)
    fac_us                                   0x2000172c   Data           1  delay.o(.data)
    fac_ms                                   0x2000172e   Data           2  delay.o(.data)
    .data                                    0x20001730   Section       20  stm32f10x_rcc.o(.data)
    APBAHBPrescTable                         0x20001730   Data          16  stm32f10x_rcc.o(.data)
    ADCPrescTable                            0x20001740   Data           4  stm32f10x_rcc.o(.data)
    .data                                    0x20001744   Section        4  stdio_streams.o(.data)
    .data                                    0x20001748   Section        4  stdio_streams.o(.data)
    .data                                    0x2000174c   Section        4  stdio_streams.o(.data)
    .bss                                     0x20001750   Section       48  rc522.o(.bss)
    .bss                                     0x20001780   Section     1152  oled.o(.bss)
    .bss                                     0x20001c00   Section       84  stdio_streams.o(.bss)
    .bss                                     0x20001c54   Section       84  stdio_streams.o(.bss)
    .bss                                     0x20001ca8   Section       84  stdio_streams.o(.bss)
    .bss                                     0x20001cfc   Section       96  libspace.o(.bss)
    HEAP                                     0x20001d60   Section      512  startup_stm32f10x_hd.o(HEAP)
    Heap_Mem                                 0x20001d60   Data         512  startup_stm32f10x_hd.o(HEAP)
    STACK                                    0x20001f60   Section     1024  startup_stm32f10x_hd.o(STACK)
    Stack_Mem                                0x20001f60   Data        1024  startup_stm32f10x_hd.o(STACK)
    __initial_sp                             0x20002360   Data           0  startup_stm32f10x_hd.o(STACK)

    Global Symbols

    Symbol Name                              Value     Ov Type        Size  Object(Section)

    BuildAttributes$$THM_ISAv4$P$D$K$B$S$PE$A:L22UL41UL21$X:L11$S22US41US21$IEEE1$IW$USESV6$~STKCKD$USESV7$~SHL$OTIME$ROPI$EBA8$UX$STANDARDLIB$REQ8$PRES8$EABIv2 0x00000000   Number         0  anon$$obj.o ABSOLUTE
    __ARM_use_no_argv                        0x00000000   Number         0  main.o ABSOLUTE
    _printf_flags                            0x00000000   Number         0  printf_stubs.o ABSOLUTE
    _printf_return_value                     0x00000000   Number         0  printf_stubs.o ABSOLUTE
    _printf_sizespec                         0x00000000   Number         0  printf_stubs.o ABSOLUTE
    _printf_widthprec                        0x00000000   Number         0  printf_stubs.o ABSOLUTE
    __ARM_exceptions_init                     - Undefined Weak Reference
    __alloca_initialize                       - Undefined Weak Reference
    __arm_preinit_                            - Undefined Weak Reference
    __cpp_initialize__aeabi_                  - Undefined Weak Reference
    __cxa_finalize                            - Undefined Weak Reference
    __rt_locale                               - Undefined Weak Reference
    __sigvec_lookup                           - Undefined Weak Reference
    __user_heap_extent                        - Undefined Weak Reference
    _atexit_init                              - Undefined Weak Reference
    _call_atexit_fns                          - Undefined Weak Reference
    _clock_init                               - Undefined Weak Reference
    _fp_trap_init                             - Undefined Weak Reference
    _fp_trap_shutdown                         - Undefined Weak Reference
    _get_lc_collate                           - Undefined Weak Reference
    _get_lc_ctype                             - Undefined Weak Reference
    _get_lc_monetary                          - Undefined Weak Reference
    _get_lc_numeric                           - Undefined Weak Reference
    _get_lc_time                              - Undefined Weak Reference
    _getenv_init                              - Undefined Weak Reference
    _handle_redirection                       - Undefined Weak Reference
    _mutex_acquire                            - Undefined Weak Reference
    _mutex_free                               - Undefined Weak Reference
    _mutex_release                            - Undefined Weak Reference
    _printf_mbtowc                            - Undefined Weak Reference
    _printf_truncate_unsigned                 - Undefined Weak Reference
    _rand_init                                - Undefined Weak Reference
    _signal_finish                            - Undefined Weak Reference
    _signal_init                              - Undefined Weak Reference
    __Vectors_Size                           0x00000130   Number         0  startup_stm32f10x_hd.o ABSOLUTE
    __Vectors                                0x08000000   Data           4  startup_stm32f10x_hd.o(RESET)
    __Vectors_End                            0x08000130   Data           0  startup_stm32f10x_hd.o(RESET)
    __main                                   0x08000131   Thumb Code     8  __main.o(!!!main)
    __scatterload                            0x08000139   Thumb Code     0  __scatter.o(!!!scatter)
    __scatterload_rt2                        0x08000139   Thumb Code    44  __scatter.o(!!!scatter)
    __scatterload_rt2_thumb_only             0x08000139   Thumb Code     0  __scatter.o(!!!scatter)
    __scatterload_null                       0x08000147   Thumb Code     0  __scatter.o(!!!scatter)
    __decompress                             0x0800016d   Thumb Code    90  __dczerorl2.o(!!dczerorl2)
    __decompress1                            0x0800016d   Thumb Code     0  __dczerorl2.o(!!dczerorl2)
    __scatterload_zeroinit                   0x080001c9   Thumb Code    28  __scatter_zi.o(!!handler_zi)
    _printf_percent                          0x080001e5   Thumb Code     0  _printf_percent.o(.ARM.Collect$$_printf_percent$$00000000)
    _printf_x                                0x080001e5   Thumb Code     0  _printf_x.o(.ARM.Collect$$_printf_percent$$0000000C)
    _printf_s                                0x080001eb   Thumb Code     0  _printf_s.o(.ARM.Collect$$_printf_percent$$00000014)
    _printf_percent_end                      0x080001f1   Thumb Code     0  _printf_percent_end.o(.ARM.Collect$$_printf_percent$$00000017)
    __rt_lib_init                            0x080001f5   Thumb Code     0  libinit.o(.ARM.Collect$$libinit$$00000000)
    __rt_lib_init_fp_1                       0x080001f7   Thumb Code     0  libinit2.o(.ARM.Collect$$libinit$$00000002)
    __rt_lib_init_heap_2                     0x080001f7   Thumb Code     0  libinit2.o(.ARM.Collect$$libinit$$00000005)
    __rt_lib_init_preinit_1                  0x080001f7   Thumb Code     0  libinit2.o(.ARM.Collect$$libinit$$00000004)
    __rt_lib_init_atexit_1                   0x080001ff   Thumb Code     0  libinit2.o(.ARM.Collect$$libinit$$0000001B)
    __rt_lib_init_clock_1                    0x080001ff   Thumb Code     0  libinit2.o(.ARM.Collect$$libinit$$00000021)
    __rt_lib_init_fp_trap_1                  0x080001ff   Thumb Code     0  libinit2.o(.ARM.Collect$$libinit$$0000001F)
    __rt_lib_init_getenv_1                   0x080001ff   Thumb Code     0  libinit2.o(.ARM.Collect$$libinit$$00000023)
    __rt_lib_init_heap_1                     0x080001ff   Thumb Code     0  libinit2.o(.ARM.Collect$$libinit$$0000000A)
    __rt_lib_init_lc_collate_1               0x080001ff   Thumb Code     0  libinit2.o(.ARM.Collect$$libinit$$00000011)
    __rt_lib_init_lc_ctype_1                 0x080001ff   Thumb Code     0  libinit2.o(.ARM.Collect$$libinit$$00000013)
    __rt_lib_init_lc_monetary_1              0x080001ff   Thumb Code     0  libinit2.o(.ARM.Collect$$libinit$$00000015)
    __rt_lib_init_lc_numeric_1               0x080001ff   Thumb Code     0  libinit2.o(.ARM.Collect$$libinit$$00000017)
    __rt_lib_init_lc_time_1                  0x080001ff   Thumb Code     0  libinit2.o(.ARM.Collect$$libinit$$00000019)
    __rt_lib_init_rand_1                     0x080001ff   Thumb Code     0  libinit2.o(.ARM.Collect$$libinit$$0000000E)
    __rt_lib_init_signal_1                   0x080001ff   Thumb Code     0  libinit2.o(.ARM.Collect$$libinit$$0000001D)
    __rt_lib_init_stdio_2                    0x080001ff   Thumb Code     0  libinit2.o(.ARM.Collect$$libinit$$00000024)
    __rt_lib_init_user_alloc_1               0x080001ff   Thumb Code     0  libinit2.o(.ARM.Collect$$libinit$$0000000C)
    __rt_lib_init_alloca_1                   0x08000203   Thumb Code     0  libinit2.o(.ARM.Collect$$libinit$$0000002E)
    __rt_lib_init_argv_1                     0x08000203   Thumb Code     0  libinit2.o(.ARM.Collect$$libinit$$0000002C)
    __rt_lib_init_cpp_1                      0x08000203   Thumb Code     0  libinit2.o(.ARM.Collect$$libinit$$00000032)
    __rt_lib_init_exceptions_1               0x08000203   Thumb Code     0  libinit2.o(.ARM.Collect$$libinit$$00000030)
    __rt_lib_init_return                     0x08000203   Thumb Code     0  libinit2.o(.ARM.Collect$$libinit$$00000033)
    __rt_lib_init_stdio_1                    0x08000203   Thumb Code     0  libinit2.o(.ARM.Collect$$libinit$$00000025)
    __rt_lib_shutdown                        0x08000205   Thumb Code     0  libshutdown.o(.ARM.Collect$$libshutdown$$00000000)
    __rt_lib_shutdown_cpp_1                  0x08000207   Thumb Code     0  libshutdown2.o(.ARM.Collect$$libshutdown$$00000002)
    __rt_lib_shutdown_stdio_2                0x08000207   Thumb Code     0  libshutdown2.o(.ARM.Collect$$libshutdown$$00000003)
    __rt_lib_shutdown_fp_trap_1              0x0800020b   Thumb Code     0  libshutdown2.o(.ARM.Collect$$libshutdown$$00000007)
    __rt_lib_shutdown_heap_1                 0x0800020b   Thumb Code     0  libshutdown2.o(.ARM.Collect$$libshutdown$$0000000F)
    __rt_lib_shutdown_return                 0x0800020b   Thumb Code     0  libshutdown2.o(.ARM.Collect$$libshutdown$$00000010)
    __rt_lib_shutdown_signal_1               0x0800020b   Thumb Code     0  libshutdown2.o(.ARM.Collect$$libshutdown$$0000000A)
    __rt_lib_shutdown_stdio_1                0x0800020b   Thumb Code     0  libshutdown2.o(.ARM.Collect$$libshutdown$$00000004)
    __rt_lib_shutdown_user_alloc_1           0x0800020b   Thumb Code     0  libshutdown2.o(.ARM.Collect$$libshutdown$$0000000C)
    __rt_entry                               0x0800020d   Thumb Code     0  __rtentry.o(.ARM.Collect$$rtentry$$00000000)
    __rt_entry_presh_1                       0x0800020d   Thumb Code     0  __rtentry2.o(.ARM.Collect$$rtentry$$00000002)
    __rt_entry_sh                            0x0800020d   Thumb Code     0  __rtentry4.o(.ARM.Collect$$rtentry$$00000004)
    __rt_entry_li                            0x08000213   Thumb Code     0  __rtentry2.o(.ARM.Collect$$rtentry$$0000000A)
    __rt_entry_postsh_1                      0x08000213   Thumb Code     0  __rtentry2.o(.ARM.Collect$$rtentry$$00000009)
    __rt_entry_main                          0x08000217   Thumb Code     0  __rtentry2.o(.ARM.Collect$$rtentry$$0000000D)
    __rt_entry_postli_1                      0x08000217   Thumb Code     0  __rtentry2.o(.ARM.Collect$$rtentry$$0000000C)
    __rt_exit                                0x0800021f   Thumb Code     0  rtexit.o(.ARM.Collect$$rtexit$$00000000)
    __rt_exit_ls                             0x08000221   Thumb Code     0  rtexit2.o(.ARM.Collect$$rtexit$$00000003)
    __rt_exit_prels_1                        0x08000221   Thumb Code     0  rtexit2.o(.ARM.Collect$$rtexit$$00000002)
    __rt_exit_exit                           0x08000225   Thumb Code     0  rtexit2.o(.ARM.Collect$$rtexit$$00000004)
    _maybe_terminate_alloc                   0x0800022d   Thumb Code     0  maybetermalloc1.o(.emb_text)
    main                                     0x0800022d   Thumb Code  3922  main.o(.text)
    NMI_Handler                              0x080011b9   Thumb Code     2  stm32f10x_it.o(.text)
    HardFault_Handler                        0x080011bb   Thumb Code     4  stm32f10x_it.o(.text)
    MemManage_Handler                        0x080011bf   Thumb Code     4  stm32f10x_it.o(.text)
    BusFault_Handler                         0x080011c3   Thumb Code     4  stm32f10x_it.o(.text)
    UsageFault_Handler                       0x080011c7   Thumb Code     4  stm32f10x_it.o(.text)
    SVC_Handler                              0x080011cb   Thumb Code     2  stm32f10x_it.o(.text)
    DebugMon_Handler                         0x080011cd   Thumb Code     2  stm32f10x_it.o(.text)
    PendSV_Handler                           0x080011cf   Thumb Code     2  stm32f10x_it.o(.text)
    SysTick_Handler                          0x080011d1   Thumb Code     2  stm32f10x_it.o(.text)
    SystemInit                               0x080012b3   Thumb Code    78  system_stm32f10x.o(.text)
    SystemCoreClockUpdate                    0x08001301   Thumb Code   142  system_stm32f10x.o(.text)
    DOOR_OPEN                                0x080013b5   Thumb Code    66  rc522.o(.text)
    RC522_MOVE_CARD                          0x080013f7   Thumb Code   218  rc522.o(.text)
    ShowID                                   0x080014d1   Thumb Code   170  rc522.o(.text)
    SPI_RC522_SendByte                       0x0800157b   Thumb Code    80  rc522.o(.text)
    WriteRawRC                               0x080015cb   Thumb Code    42  rc522.o(.text)
    SPI_RC522_ReadByte                       0x080015f5   Thumb Code    72  rc522.o(.text)
    ReadRawRC                                0x0800163d   Thumb Code    46  rc522.o(.text)
    SetBitMask                               0x0800166b   Thumb Code    26  rc522.o(.text)
    ClearBitMask                             0x08001685   Thumb Code    26  rc522.o(.text)
    PcdComMF522                              0x0800169f   Thumb Code   378  rc522.o(.text)
    PcdAnticoll                              0x08001819   Thumb Code   112  rc522.o(.text)
    PcdRequest                               0x08001889   Thumb Code    84  rc522.o(.text)
    RC522_READ_CARD                          0x080018dd   Thumb Code   504  rc522.o(.text)
    RC522_OPEN_DOOR                          0x08001ad5   Thumb Code  1002  rc522.o(.text)
    CalulateCRC                              0x08001ebf   Thumb Code   108  rc522.o(.text)
    PcdRead                                  0x08001f2b   Thumb Code    84  rc522.o(.text)
    PcdWrite                                 0x08001f7f   Thumb Code   156  rc522.o(.text)
    PcdAuthState                             0x0800201b   Thumb Code   110  rc522.o(.text)
    PcdSelect                                0x08002089   Thumb Code   114  rc522.o(.text)
    RC522_Handle                             0x080020fb   Thumb Code   826  rc522.o(.text)
    RC522_Handle1                            0x08002435   Thumb Code  1286  rc522.o(.text)
    RC522_data_break                         0x0800293b   Thumb Code   590  rc522.o(.text)
    PcdAntennaOn                             0x08002b89   Thumb Code    26  rc522.o(.text)
    M500PcdConfigISOType                     0x08002ba3   Thumb Code    84  rc522.o(.text)
    PcdReset                                 0x08002bf7   Thumb Code   300  rc522.o(.text)
    SPI1_Init                                0x08002d23   Thumb Code   224  rc522.o(.text)
    RC522_Init                               0x08002e03   Thumb Code    34  rc522.o(.text)
    PcdAntennaOff                            0x08002e25   Thumb Code    12  rc522.o(.text)
    PcdHalt                                  0x08002e31   Thumb Code    50  rc522.o(.text)
    IC_RW                                    0x08002e63   Thumb Code   244  rc522.o(.text)
    WaitCardOff                              0x08002f57   Thumb Code    52  rc522.o(.text)
    LED_Init                                 0x0800300d   Thumb Code   100  led.o(.text)
    I2C_Stop                                 0x08003075   Thumb Code    34  oled.o(.text)
    I2C_WaitAck                              0x08003097   Thumb Code    24  oled.o(.text)
    Send_Byte                                0x080030af   Thumb Code    80  oled.o(.text)
    I2C_Start                                0x080030ff   Thumb Code    44  oled.o(.text)
    OLED_WR_Byte                             0x0800312b   Thumb Code    56  oled.o(.text)
    OLED_ColorTurn                           0x08003163   Thumb Code    28  oled.o(.text)
    OLED_DisplayTurn                         0x0800317f   Thumb Code    44  oled.o(.text)
    OLED_DisPlay_On                          0x080031ab   Thumb Code    28  oled.o(.text)
    OLED_DisPlay_Off                         0x080031c7   Thumb Code    28  oled.o(.text)
    OLED_Refresh                             0x080031e3   Thumb Code    70  oled.o(.text)
    OLED_Clear                               0x08003229   Thumb Code    42  oled.o(.text)
    OLED_DrawPoint                           0x08003253   Thumb Code    54  oled.o(.text)
    OLED_ClearPoint                          0x08003289   Thumb Code    90  oled.o(.text)
    OLED_DrawLine                            0x080032e3   Thumb Code   146  oled.o(.text)
    OLED_DrawCircle                          0x08003375   Thumb Code   152  oled.o(.text)
    OLED_ShowChar                            0x0800340d   Thumb Code   248  oled.o(.text)
    OLED_ShowString                          0x08003505   Thumb Code    66  oled.o(.text)
    OLED_Pow                                 0x08003547   Thumb Code    22  oled.o(.text)
    OLED_ShowNum                             0x0800355d   Thumb Code   116  oled.o(.text)
    OLED_ShowChinese                         0x080035d1   Thumb Code   248  oled.o(.text)
    OLED_ScrollDisplay                       0x080036c9   Thumb Code   160  oled.o(.text)
    OLED_WR_BP                               0x08003769   Thumb Code    42  oled.o(.text)
    OLED_ShowPicture                         0x08003793   Thumb Code    98  oled.o(.text)
    OLED_Init                                0x080037f5   Thumb Code   310  oled.o(.text)
    KEY_BIGInit                              0x0800392d   Thumb Code    72  keyscan.o(.text)
    key_can                                  0x08003975   Thumb Code   574  keyscan.o(.text)
    KEY_Init                                 0x08003bc5   Thumb Code    62  key.o(.text)
    KEY_Scan                                 0x08003c03   Thumb Code   114  key.o(.text)
    EXTIX_Init                               0x08003c85   Thumb Code   148  exti.o(.text)
    EXTI9_5_IRQHandler                       0x08003d19   Thumb Code    32  exti.o(.text)
    EXTI15_10_IRQHandler                     0x08003d39   Thumb Code    36  exti.o(.text)
    PWM_Init                                 0x08003d69   Thumb Code   146  pwm.o(.text)
    Servo_SetAngle                           0x08003dfb   Thumb Code    40  pwm.o(.text)
    delay_init                               0x08003e29   Thumb Code    50  delay.o(.text)
    delay_us                                 0x08003e5b   Thumb Code    72  delay.o(.text)
    delay_ms                                 0x08003ea3   Thumb Code    72  delay.o(.text)
    Reset_Handler                            0x08003efd   Thumb Code     8  startup_stm32f10x_hd.o(.text)
    ADC1_2_IRQHandler                        0x08003f17   Thumb Code     0  startup_stm32f10x_hd.o(.text)
    ADC3_IRQHandler                          0x08003f17   Thumb Code     0  startup_stm32f10x_hd.o(.text)
    CAN1_RX1_IRQHandler                      0x08003f17   Thumb Code     0  startup_stm32f10x_hd.o(.text)
    CAN1_SCE_IRQHandler                      0x08003f17   Thumb Code     0  startup_stm32f10x_hd.o(.text)
    DMA1_Channel1_IRQHandler                 0x08003f17   Thumb Code     0  startup_stm32f10x_hd.o(.text)
    DMA1_Channel2_IRQHandler                 0x08003f17   Thumb Code     0  startup_stm32f10x_hd.o(.text)
    DMA1_Channel3_IRQHandler                 0x08003f17   Thumb Code     0  startup_stm32f10x_hd.o(.text)
    DMA1_Channel4_IRQHandler                 0x08003f17   Thumb Code     0  startup_stm32f10x_hd.o(.text)
    DMA1_Channel5_IRQHandler                 0x08003f17   Thumb Code     0  startup_stm32f10x_hd.o(.text)
    DMA1_Channel6_IRQHandler                 0x08003f17   Thumb Code     0  startup_stm32f10x_hd.o(.text)
    DMA1_Channel7_IRQHandler                 0x08003f17   Thumb Code     0  startup_stm32f10x_hd.o(.text)
    DMA2_Channel1_IRQHandler                 0x08003f17   Thumb Code     0  startup_stm32f10x_hd.o(.text)
    DMA2_Channel2_IRQHandler                 0x08003f17   Thumb Code     0  startup_stm32f10x_hd.o(.text)
    DMA2_Channel3_IRQHandler                 0x08003f17   Thumb Code     0  startup_stm32f10x_hd.o(.text)
    DMA2_Channel4_5_IRQHandler               0x08003f17   Thumb Code     0  startup_stm32f10x_hd.o(.text)
    EXTI0_IRQHandler                         0x08003f17   Thumb Code     0  startup_stm32f10x_hd.o(.text)
    EXTI1_IRQHandler                         0x08003f17   Thumb Code     0  startup_stm32f10x_hd.o(.text)
    EXTI2_IRQHandler                         0x08003f17   Thumb Code     0  startup_stm32f10x_hd.o(.text)
    EXTI3_IRQHandler                         0x08003f17   Thumb Code     0  startup_stm32f10x_hd.o(.text)
    EXTI4_IRQHandler                         0x08003f17   Thumb Code     0  startup_stm32f10x_hd.o(.text)
    FLASH_IRQHandler                         0x08003f17   Thumb Code     0  startup_stm32f10x_hd.o(.text)
    FSMC_IRQHandler                          0x08003f17   Thumb Code     0  startup_stm32f10x_hd.o(.text)
    I2C1_ER_IRQHandler                       0x08003f17   Thumb Code     0  startup_stm32f10x_hd.o(.text)
    I2C1_EV_IRQHandler                       0x08003f17   Thumb Code     0  startup_stm32f10x_hd.o(.text)
    I2C2_ER_IRQHandler                       0x08003f17   Thumb Code     0  startup_stm32f10x_hd.o(.text)
    I2C2_EV_IRQHandler                       0x08003f17   Thumb Code     0  startup_stm32f10x_hd.o(.text)
    PVD_IRQHandler                           0x08003f17   Thumb Code     0  startup_stm32f10x_hd.o(.text)
    RCC_IRQHandler                           0x08003f17   Thumb Code     0  startup_stm32f10x_hd.o(.text)
    RTCAlarm_IRQHandler                      0x08003f17   Thumb Code     0  startup_stm32f10x_hd.o(.text)
    RTC_IRQHandler                           0x08003f17   Thumb Code     0  startup_stm32f10x_hd.o(.text)
    SDIO_IRQHandler                          0x08003f17   Thumb Code     0  startup_stm32f10x_hd.o(.text)
    SPI1_IRQHandler                          0x08003f17   Thumb Code     0  startup_stm32f10x_hd.o(.text)
    SPI2_IRQHandler                          0x08003f17   Thumb Code     0  startup_stm32f10x_hd.o(.text)
    SPI3_IRQHandler                          0x08003f17   Thumb Code     0  startup_stm32f10x_hd.o(.text)
    TAMPER_IRQHandler                        0x08003f17   Thumb Code     0  startup_stm32f10x_hd.o(.text)
    TIM1_BRK_IRQHandler                      0x08003f17   Thumb Code     0  startup_stm32f10x_hd.o(.text)
    TIM1_CC_IRQHandler                       0x08003f17   Thumb Code     0  startup_stm32f10x_hd.o(.text)
    TIM1_TRG_COM_IRQHandler                  0x08003f17   Thumb Code     0  startup_stm32f10x_hd.o(.text)
    TIM1_UP_IRQHandler                       0x08003f17   Thumb Code     0  startup_stm32f10x_hd.o(.text)
    TIM2_IRQHandler                          0x08003f17   Thumb Code     0  startup_stm32f10x_hd.o(.text)
    TIM3_IRQHandler                          0x08003f17   Thumb Code     0  startup_stm32f10x_hd.o(.text)
    TIM4_IRQHandler                          0x08003f17   Thumb Code     0  startup_stm32f10x_hd.o(.text)
    TIM5_IRQHandler                          0x08003f17   Thumb Code     0  startup_stm32f10x_hd.o(.text)
    TIM6_IRQHandler                          0x08003f17   Thumb Code     0  startup_stm32f10x_hd.o(.text)
    TIM7_IRQHandler                          0x08003f17   Thumb Code     0  startup_stm32f10x_hd.o(.text)
    TIM8_BRK_IRQHandler                      0x08003f17   Thumb Code     0  startup_stm32f10x_hd.o(.text)
    TIM8_CC_IRQHandler                       0x08003f17   Thumb Code     0  startup_stm32f10x_hd.o(.text)
    TIM8_TRG_COM_IRQHandler                  0x08003f17   Thumb Code     0  startup_stm32f10x_hd.o(.text)
    TIM8_UP_IRQHandler                       0x08003f17   Thumb Code     0  startup_stm32f10x_hd.o(.text)
    UART4_IRQHandler                         0x08003f17   Thumb Code     0  startup_stm32f10x_hd.o(.text)
    UART5_IRQHandler                         0x08003f17   Thumb Code     0  startup_stm32f10x_hd.o(.text)
    USART1_IRQHandler                        0x08003f17   Thumb Code     0  startup_stm32f10x_hd.o(.text)
    USART2_IRQHandler                        0x08003f17   Thumb Code     0  startup_stm32f10x_hd.o(.text)
    USART3_IRQHandler                        0x08003f17   Thumb Code     0  startup_stm32f10x_hd.o(.text)
    USBWakeUp_IRQHandler                     0x08003f17   Thumb Code     0  startup_stm32f10x_hd.o(.text)
    USB_HP_CAN1_TX_IRQHandler                0x08003f17   Thumb Code     0  startup_stm32f10x_hd.o(.text)
    USB_LP_CAN1_RX0_IRQHandler               0x08003f17   Thumb Code     0  startup_stm32f10x_hd.o(.text)
    WWDG_IRQHandler                          0x08003f17   Thumb Code     0  startup_stm32f10x_hd.o(.text)
    __user_initial_stackheap                 0x08003f19   Thumb Code     0  startup_stm32f10x_hd.o(.text)
    NVIC_PriorityGroupConfig                 0x08003f3d   Thumb Code    10  misc.o(.text)
    NVIC_Init                                0x08003f47   Thumb Code   100  misc.o(.text)
    NVIC_SetVectorTable                      0x08003fab   Thumb Code    14  misc.o(.text)
    NVIC_SystemLPConfig                      0x08003fb9   Thumb Code    34  misc.o(.text)
    SysTick_CLKSourceConfig                  0x08003fdb   Thumb Code    40  misc.o(.text)
    GPIO_DeInit                              0x08004019   Thumb Code   172  stm32f10x_gpio.o(.text)
    GPIO_AFIODeInit                          0x080040c5   Thumb Code    20  stm32f10x_gpio.o(.text)
    GPIO_Init                                0x080040d9   Thumb Code   278  stm32f10x_gpio.o(.text)
    GPIO_StructInit                          0x080041ef   Thumb Code    16  stm32f10x_gpio.o(.text)
    GPIO_ReadInputDataBit                    0x080041ff   Thumb Code    18  stm32f10x_gpio.o(.text)
    GPIO_ReadInputData                       0x08004211   Thumb Code     8  stm32f10x_gpio.o(.text)
    GPIO_ReadOutputDataBit                   0x08004219   Thumb Code    18  stm32f10x_gpio.o(.text)
    GPIO_ReadOutputData                      0x0800422b   Thumb Code     8  stm32f10x_gpio.o(.text)
    GPIO_SetBits                             0x08004233   Thumb Code     4  stm32f10x_gpio.o(.text)
    GPIO_ResetBits                           0x08004237   Thumb Code     4  stm32f10x_gpio.o(.text)
    GPIO_WriteBit                            0x0800423b   Thumb Code    10  stm32f10x_gpio.o(.text)
    GPIO_Write                               0x08004245   Thumb Code     4  stm32f10x_gpio.o(.text)
    GPIO_PinLockConfig                       0x08004249   Thumb Code    18  stm32f10x_gpio.o(.text)
    GPIO_EventOutputConfig                   0x0800425b   Thumb Code    26  stm32f10x_gpio.o(.text)
    GPIO_EventOutputCmd                      0x08004275   Thumb Code     6  stm32f10x_gpio.o(.text)
    GPIO_PinRemapConfig                      0x0800427b   Thumb Code   138  stm32f10x_gpio.o(.text)
    GPIO_EXTILineConfig                      0x08004305   Thumb Code    66  stm32f10x_gpio.o(.text)
    GPIO_ETH_MediaInterfaceConfig            0x08004347   Thumb Code     8  stm32f10x_gpio.o(.text)
    RCC_DeInit                               0x08004375   Thumb Code    64  stm32f10x_rcc.o(.text)
    RCC_HSEConfig                            0x080043b5   Thumb Code    70  stm32f10x_rcc.o(.text)
    RCC_GetFlagStatus                        0x080043fb   Thumb Code    56  stm32f10x_rcc.o(.text)
    RCC_WaitForHSEStartUp                    0x08004433   Thumb Code    56  stm32f10x_rcc.o(.text)
    RCC_AdjustHSICalibrationValue            0x0800446b   Thumb Code    20  stm32f10x_rcc.o(.text)
    RCC_HSICmd                               0x0800447f   Thumb Code     6  stm32f10x_rcc.o(.text)
    RCC_PLLConfig                            0x08004485   Thumb Code    24  stm32f10x_rcc.o(.text)
    RCC_PLLCmd                               0x0800449d   Thumb Code     6  stm32f10x_rcc.o(.text)
    RCC_SYSCLKConfig                         0x080044a3   Thumb Code    18  stm32f10x_rcc.o(.text)
    RCC_GetSYSCLKSource                      0x080044b5   Thumb Code    10  stm32f10x_rcc.o(.text)
    RCC_HCLKConfig                           0x080044bf   Thumb Code    18  stm32f10x_rcc.o(.text)
    RCC_PCLK1Config                          0x080044d1   Thumb Code    18  stm32f10x_rcc.o(.text)
    RCC_PCLK2Config                          0x080044e3   Thumb Code    20  stm32f10x_rcc.o(.text)
    RCC_ITConfig                             0x080044f7   Thumb Code    26  stm32f10x_rcc.o(.text)
    RCC_USBCLKConfig                         0x08004511   Thumb Code     8  stm32f10x_rcc.o(.text)
    RCC_ADCCLKConfig                         0x08004519   Thumb Code    18  stm32f10x_rcc.o(.text)
    RCC_LSEConfig                            0x0800452b   Thumb Code    50  stm32f10x_rcc.o(.text)
    RCC_LSICmd                               0x0800455d   Thumb Code     6  stm32f10x_rcc.o(.text)
    RCC_RTCCLKConfig                         0x08004563   Thumb Code    12  stm32f10x_rcc.o(.text)
    RCC_RTCCLKCmd                            0x0800456f   Thumb Code     8  stm32f10x_rcc.o(.text)
    RCC_GetClocksFreq                        0x08004577   Thumb Code   192  stm32f10x_rcc.o(.text)
    RCC_AHBPeriphClockCmd                    0x08004637   Thumb Code    26  stm32f10x_rcc.o(.text)
    RCC_APB2PeriphClockCmd                   0x08004651   Thumb Code    26  stm32f10x_rcc.o(.text)
    RCC_APB1PeriphClockCmd                   0x0800466b   Thumb Code    26  stm32f10x_rcc.o(.text)
    RCC_APB2PeriphResetCmd                   0x08004685   Thumb Code    26  stm32f10x_rcc.o(.text)
    RCC_APB1PeriphResetCmd                   0x0800469f   Thumb Code    26  stm32f10x_rcc.o(.text)
    RCC_BackupResetCmd                       0x080046b9   Thumb Code     8  stm32f10x_rcc.o(.text)
    RCC_ClockSecuritySystemCmd               0x080046c1   Thumb Code     6  stm32f10x_rcc.o(.text)
    RCC_MCOConfig                            0x080046c7   Thumb Code     6  stm32f10x_rcc.o(.text)
    RCC_ClearFlag                            0x080046cd   Thumb Code    14  stm32f10x_rcc.o(.text)
    RCC_GetITStatus                          0x080046db   Thumb Code    20  stm32f10x_rcc.o(.text)
    RCC_ClearITPendingBit                    0x080046ef   Thumb Code     6  stm32f10x_rcc.o(.text)
    TIM_DeInit                               0x08004719   Thumb Code   424  stm32f10x_tim.o(.text)
    TIM_TimeBaseInit                         0x080048c1   Thumb Code   122  stm32f10x_tim.o(.text)
    TIM_OC1Init                              0x0800493b   Thumb Code   132  stm32f10x_tim.o(.text)
    TIM_OC2Init                              0x080049bf   Thumb Code   154  stm32f10x_tim.o(.text)
    TIM_OC3Init                              0x08004a59   Thumb Code   150  stm32f10x_tim.o(.text)
    TIM_OC4Init                              0x08004aef   Thumb Code   182  stm32f10x_tim.o(.text)
    TIM_SetIC4Prescaler                      0x08004ba5   Thumb Code    26  stm32f10x_tim.o(.text)
    TIM_SetIC3Prescaler                      0x08004c41   Thumb Code    18  stm32f10x_tim.o(.text)
    TIM_SetIC2Prescaler                      0x08004ccd   Thumb Code    26  stm32f10x_tim.o(.text)
    TIM_SetIC1Prescaler                      0x08004d69   Thumb Code    18  stm32f10x_tim.o(.text)
    TIM_ICInit                               0x08004de7   Thumb Code   150  stm32f10x_tim.o(.text)
    TIM_PWMIConfig                           0x08004e7d   Thumb Code   124  stm32f10x_tim.o(.text)
    TIM_BDTRConfig                           0x08004ef9   Thumb Code    32  stm32f10x_tim.o(.text)
    TIM_TimeBaseStructInit                   0x08004f19   Thumb Code    18  stm32f10x_tim.o(.text)
    TIM_OCStructInit                         0x08004f2b   Thumb Code    20  stm32f10x_tim.o(.text)
    TIM_ICStructInit                         0x08004f3f   Thumb Code    18  stm32f10x_tim.o(.text)
    TIM_BDTRStructInit                       0x08004f51   Thumb Code    40  stm32f10x_tim.o(.text)
    TIM_Cmd                                  0x08004f79   Thumb Code    24  stm32f10x_tim.o(.text)
    TIM_CtrlPWMOutputs                       0x08004f91   Thumb Code    30  stm32f10x_tim.o(.text)
    TIM_ITConfig                             0x08004faf   Thumb Code    18  stm32f10x_tim.o(.text)
    TIM_GenerateEvent                        0x08004fc1   Thumb Code     4  stm32f10x_tim.o(.text)
    TIM_DMAConfig                            0x08004fc5   Thumb Code    10  stm32f10x_tim.o(.text)
    TIM_DMACmd                               0x08004fcf   Thumb Code    18  stm32f10x_tim.o(.text)
    TIM_InternalClockConfig                  0x08004fe1   Thumb Code    12  stm32f10x_tim.o(.text)
    TIM_SelectInputTrigger                   0x08004fed   Thumb Code    18  stm32f10x_tim.o(.text)
    TIM_ITRxExternalClockConfig              0x08004fff   Thumb Code    24  stm32f10x_tim.o(.text)
    TIM_TIxExternalClockConfig               0x08005017   Thumb Code    62  stm32f10x_tim.o(.text)
    TIM_ETRConfig                            0x08005055   Thumb Code    28  stm32f10x_tim.o(.text)
    TIM_ETRClockMode1Config                  0x08005071   Thumb Code    54  stm32f10x_tim.o(.text)
    TIM_ETRClockMode2Config                  0x080050a7   Thumb Code    32  stm32f10x_tim.o(.text)
    TIM_PrescalerConfig                      0x080050c7   Thumb Code     6  stm32f10x_tim.o(.text)
    TIM_CounterModeConfig                    0x080050cd   Thumb Code    18  stm32f10x_tim.o(.text)
    TIM_EncoderInterfaceConfig               0x080050df   Thumb Code    66  stm32f10x_tim.o(.text)
    TIM_ForcedOC1Config                      0x08005121   Thumb Code    18  stm32f10x_tim.o(.text)
    TIM_ForcedOC2Config                      0x08005133   Thumb Code    26  stm32f10x_tim.o(.text)
    TIM_ForcedOC3Config                      0x0800514d   Thumb Code    18  stm32f10x_tim.o(.text)
    TIM_ForcedOC4Config                      0x0800515f   Thumb Code    26  stm32f10x_tim.o(.text)
    TIM_ARRPreloadConfig                     0x08005179   Thumb Code    24  stm32f10x_tim.o(.text)
    TIM_SelectCOM                            0x08005191   Thumb Code    24  stm32f10x_tim.o(.text)
    TIM_SelectCCDMA                          0x080051a9   Thumb Code    24  stm32f10x_tim.o(.text)
    TIM_CCPreloadControl                     0x080051c1   Thumb Code    24  stm32f10x_tim.o(.text)
    TIM_OC1PreloadConfig                     0x080051d9   Thumb Code    18  stm32f10x_tim.o(.text)
    TIM_OC2PreloadConfig                     0x080051eb   Thumb Code    26  stm32f10x_tim.o(.text)
    TIM_OC3PreloadConfig                     0x08005205   Thumb Code    18  stm32f10x_tim.o(.text)
    TIM_OC4PreloadConfig                     0x08005217   Thumb Code    26  stm32f10x_tim.o(.text)
    TIM_OC1FastConfig                        0x08005231   Thumb Code    18  stm32f10x_tim.o(.text)
    TIM_OC2FastConfig                        0x08005243   Thumb Code    26  stm32f10x_tim.o(.text)
    TIM_OC3FastConfig                        0x0800525d   Thumb Code    18  stm32f10x_tim.o(.text)
    TIM_OC4FastConfig                        0x0800526f   Thumb Code    26  stm32f10x_tim.o(.text)
    TIM_ClearOC1Ref                          0x08005289   Thumb Code    18  stm32f10x_tim.o(.text)
    TIM_ClearOC2Ref                          0x0800529b   Thumb Code    24  stm32f10x_tim.o(.text)
    TIM_ClearOC3Ref                          0x080052b3   Thumb Code    18  stm32f10x_tim.o(.text)
    TIM_ClearOC4Ref                          0x080052c5   Thumb Code    24  stm32f10x_tim.o(.text)
    TIM_OC1PolarityConfig                    0x080052dd   Thumb Code    18  stm32f10x_tim.o(.text)
    TIM_OC1NPolarityConfig                   0x080052ef   Thumb Code    18  stm32f10x_tim.o(.text)
    TIM_OC2PolarityConfig                    0x08005301   Thumb Code    26  stm32f10x_tim.o(.text)
    TIM_OC2NPolarityConfig                   0x0800531b   Thumb Code    26  stm32f10x_tim.o(.text)
    TIM_OC3PolarityConfig                    0x08005335   Thumb Code    26  stm32f10x_tim.o(.text)
    TIM_OC3NPolarityConfig                   0x0800534f   Thumb Code    26  stm32f10x_tim.o(.text)
    TIM_OC4PolarityConfig                    0x08005369   Thumb Code    26  stm32f10x_tim.o(.text)
    TIM_CCxCmd                               0x08005383   Thumb Code    30  stm32f10x_tim.o(.text)
    TIM_CCxNCmd                              0x080053a1   Thumb Code    30  stm32f10x_tim.o(.text)
    TIM_SelectOCxM                           0x080053bf   Thumb Code    82  stm32f10x_tim.o(.text)
    TIM_UpdateDisableConfig                  0x08005411   Thumb Code    24  stm32f10x_tim.o(.text)
    TIM_UpdateRequestConfig                  0x08005429   Thumb Code    24  stm32f10x_tim.o(.text)
    TIM_SelectHallSensor                     0x08005441   Thumb Code    24  stm32f10x_tim.o(.text)
    TIM_SelectOnePulseMode                   0x08005459   Thumb Code    18  stm32f10x_tim.o(.text)
    TIM_SelectOutputTrigger                  0x0800546b   Thumb Code    18  stm32f10x_tim.o(.text)
    TIM_SelectSlaveMode                      0x0800547d   Thumb Code    18  stm32f10x_tim.o(.text)
    TIM_SelectMasterSlaveMode                0x0800548f   Thumb Code    18  stm32f10x_tim.o(.text)
    TIM_SetCounter                           0x080054a1   Thumb Code     4  stm32f10x_tim.o(.text)
    TIM_SetAutoreload                        0x080054a5   Thumb Code     4  stm32f10x_tim.o(.text)
    TIM_SetCompare1                          0x080054a9   Thumb Code     4  stm32f10x_tim.o(.text)
    TIM_SetCompare2                          0x080054ad   Thumb Code     4  stm32f10x_tim.o(.text)
    TIM_SetCompare3                          0x080054b1   Thumb Code     4  stm32f10x_tim.o(.text)
    TIM_SetCompare4                          0x080054b5   Thumb Code     6  stm32f10x_tim.o(.text)
    TIM_SetClockDivision                     0x080054bb   Thumb Code    18  stm32f10x_tim.o(.text)
    TIM_GetCapture1                          0x080054cd   Thumb Code     6  stm32f10x_tim.o(.text)
    TIM_GetCapture2                          0x080054d3   Thumb Code     6  stm32f10x_tim.o(.text)
    TIM_GetCapture3                          0x080054d9   Thumb Code     6  stm32f10x_tim.o(.text)
    TIM_GetCapture4                          0x080054df   Thumb Code     8  stm32f10x_tim.o(.text)
    TIM_GetCounter                           0x080054e7   Thumb Code     6  stm32f10x_tim.o(.text)
    TIM_GetPrescaler                         0x080054ed   Thumb Code     6  stm32f10x_tim.o(.text)
    TIM_GetFlagStatus                        0x080054f3   Thumb Code    18  stm32f10x_tim.o(.text)
    TIM_ClearFlag                            0x08005505   Thumb Code     6  stm32f10x_tim.o(.text)
    TIM_GetITStatus                          0x0800550b   Thumb Code    34  stm32f10x_tim.o(.text)
    TIM_ClearITPendingBit                    0x0800552d   Thumb Code     6  stm32f10x_tim.o(.text)
    SPI_I2S_DeInit                           0x08005535   Thumb Code    76  stm32f10x_spi.o(.text)
    SPI_Init                                 0x08005581   Thumb Code    60  stm32f10x_spi.o(.text)
    I2S_Init                                 0x080055bd   Thumb Code   226  stm32f10x_spi.o(.text)
    SPI_StructInit                           0x0800569f   Thumb Code    24  stm32f10x_spi.o(.text)
    I2S_StructInit                           0x080056b7   Thumb Code    20  stm32f10x_spi.o(.text)
    SPI_Cmd                                  0x080056cb   Thumb Code    24  stm32f10x_spi.o(.text)
    I2S_Cmd                                  0x080056e3   Thumb Code    24  stm32f10x_spi.o(.text)
    SPI_I2S_ITConfig                         0x080056fb   Thumb Code    32  stm32f10x_spi.o(.text)
    SPI_I2S_DMACmd                           0x0800571b   Thumb Code    18  stm32f10x_spi.o(.text)
    SPI_I2S_SendData                         0x0800572d   Thumb Code     4  stm32f10x_spi.o(.text)
    SPI_I2S_ReceiveData                      0x08005731   Thumb Code     6  stm32f10x_spi.o(.text)
    SPI_NSSInternalSoftwareConfig            0x08005737   Thumb Code    30  stm32f10x_spi.o(.text)
    SPI_SSOutputCmd                          0x08005755   Thumb Code    24  stm32f10x_spi.o(.text)
    SPI_DataSizeConfig                       0x0800576d   Thumb Code    18  stm32f10x_spi.o(.text)
    SPI_TransmitCRC                          0x0800577f   Thumb Code    10  stm32f10x_spi.o(.text)
    SPI_CalculateCRC                         0x08005789   Thumb Code    24  stm32f10x_spi.o(.text)
    SPI_GetCRC                               0x080057a1   Thumb Code    16  stm32f10x_spi.o(.text)
    SPI_GetCRCPolynomial                     0x080057b1   Thumb Code     6  stm32f10x_spi.o(.text)
    SPI_BiDirectionalLineConfig              0x080057b7   Thumb Code    28  stm32f10x_spi.o(.text)
    SPI_I2S_GetFlagStatus                    0x080057d3   Thumb Code    18  stm32f10x_spi.o(.text)
    SPI_I2S_ClearFlag                        0x080057e5   Thumb Code     6  stm32f10x_spi.o(.text)
    SPI_I2S_GetITStatus                      0x080057eb   Thumb Code    52  stm32f10x_spi.o(.text)
    SPI_I2S_ClearITPendingBit                0x0800581f   Thumb Code    20  stm32f10x_spi.o(.text)
    EXTI_DeInit                              0x08005841   Thumb Code    28  stm32f10x_exti.o(.text)
    EXTI_Init                                0x0800585d   Thumb Code   142  stm32f10x_exti.o(.text)
    EXTI_StructInit                          0x080058eb   Thumb Code    16  stm32f10x_exti.o(.text)
    EXTI_GenerateSWInterrupt                 0x080058fb   Thumb Code    16  stm32f10x_exti.o(.text)
    EXTI_GetFlagStatus                       0x0800590b   Thumb Code    22  stm32f10x_exti.o(.text)
    EXTI_ClearFlag                           0x08005921   Thumb Code     8  stm32f10x_exti.o(.text)
    EXTI_GetITStatus                         0x08005929   Thumb Code    34  stm32f10x_exti.o(.text)
    EXTI_ClearITPendingBit                   0x0800594b   Thumb Code     8  stm32f10x_exti.o(.text)
    __2printf                                0x0800595d   Thumb Code    20  noretval__2printf.o(.text)
    _printf_pre_padding                      0x08005975   Thumb Code    44  _printf_pad.o(.text)
    _printf_post_padding                     0x080059a1   Thumb Code    34  _printf_pad.o(.text)
    _printf_str                              0x080059c3   Thumb Code    82  _printf_str.o(.text)
    _printf_int_hex                          0x08005a15   Thumb Code    84  _printf_hex_int.o(.text)
    _printf_longlong_hex                     0x08005a15   Thumb Code     0  _printf_hex_int.o(.text)
    __printf                                 0x08005a6d   Thumb Code   308  __printf_flags_wp.o(.text)
    __aeabi_memcpy                           0x08005ba5   Thumb Code     0  rt_memcpy_v6.o(.text)
    __rt_memcpy                              0x08005ba5   Thumb Code   138  rt_memcpy_v6.o(.text)
    _memcpy_lastbytes                        0x08005c0b   Thumb Code     0  rt_memcpy_v6.o(.text)
    __aeabi_memcpy4                          0x08005c2f   Thumb Code     0  rt_memcpy_w.o(.text)
    __aeabi_memcpy8                          0x08005c2f   Thumb Code     0  rt_memcpy_w.o(.text)
    __rt_memcpy_w                            0x08005c2f   Thumb Code   100  rt_memcpy_w.o(.text)
    _memcpy_lastbytes_aligned                0x08005c77   Thumb Code     0  rt_memcpy_w.o(.text)
    __aeabi_memclr4                          0x08005c93   Thumb Code     0  rt_memclr_w.o(.text)
    __aeabi_memclr8                          0x08005c93   Thumb Code     0  rt_memclr_w.o(.text)
    __rt_memclr_w                            0x08005c93   Thumb Code    78  rt_memclr_w.o(.text)
    _memset_w                                0x08005c97   Thumb Code     0  rt_memclr_w.o(.text)
    __use_two_region_memory                  0x08005ce1   Thumb Code     2  heapauxi.o(.text)
    __rt_heap_escrow                         0x08005ce3   Thumb Code     2  heapauxi.o(.text)
    __rt_heap_expand                         0x08005ce5   Thumb Code     2  heapauxi.o(.text)
    _printf_int_common                       0x08005ce7   Thumb Code   178  _printf_intcommon.o(.text)
    _printf_cs_common                        0x08005d99   Thumb Code    20  _printf_char.o(.text)
    _printf_char                             0x08005dad   Thumb Code    16  _printf_char.o(.text)
    _printf_string                           0x08005dbd   Thumb Code     8  _printf_char.o(.text)
    _printf_char_file                        0x08005dc5   Thumb Code    32  _printf_char_file.o(.text)
    _printf_char_common                      0x08005df3   Thumb Code    32  _printf_char_common.o(.text)
    ferror                                   0x08005e19   Thumb Code     8  ferror.o(.text)
    _initio                                  0x08005e21   Thumb Code   210  initio.o(.text)
    _terminateio                             0x08005ef3   Thumb Code    56  initio.o(.text)
    _sys_open                                0x08005f59   Thumb Code    20  sys_io.o(.text)
    _sys_close                               0x08005f6d   Thumb Code    12  sys_io.o(.text)
    _sys_write                               0x08005f79   Thumb Code    16  sys_io.o(.text)
    _sys_read                                0x08005f89   Thumb Code    14  sys_io.o(.text)
    _sys_istty                               0x08005f97   Thumb Code    12  sys_io.o(.text)
    _sys_seek                                0x08005fa3   Thumb Code    14  sys_io.o(.text)
    _sys_ensure                              0x08005fb1   Thumb Code     2  sys_io.o(.text)
    _sys_flen                                0x08005fb3   Thumb Code    12  sys_io.o(.text)
    __user_setup_stackheap                   0x08005fbf   Thumb Code    74  sys_stackheap_outer.o(.text)
    free                                     0x08006009   Thumb Code    78  h1_free.o(.text)
    __flsbuf                                 0x08006057   Thumb Code   470  flsbuf.o(.text)
    __flsbuf_byte                            0x08006057   Thumb Code     0  flsbuf.o(.text)
    __flsbuf_wide                            0x08006057   Thumb Code     0  flsbuf.o(.text)
    setvbuf                                  0x0800622d   Thumb Code    70  setvbuf.o(.text)
    freopen                                  0x08006275   Thumb Code   158  fopen.o(.text)
    fopen                                    0x08006313   Thumb Code    74  fopen.o(.text)
    _fclose_internal                         0x08006361   Thumb Code    76  fclose.o(.text)
    fclose                                   0x08006361   Thumb Code     0  fclose.o(.text)
    exit                                     0x080063ad   Thumb Code    18  exit.o(.text)
    __rt_SIGRTRED                            0x080063bf   Thumb Code    14  defsig_rtred_outer.o(.text)
    __user_libspace                          0x080063cd   Thumb Code     8  libspace.o(.text)
    __user_perproc_libspace                  0x080063cd   Thumb Code     0  libspace.o(.text)
    __user_perthread_libspace                0x080063cd   Thumb Code     0  libspace.o(.text)
    __I$use$semihosting                      0x080063d5   Thumb Code     0  use_no_semi.o(.text)
    __use_no_semihosting_swi                 0x080063d5   Thumb Code     2  use_no_semi.o(.text)
    __semihosting_library_function           0x080063d7   Thumb Code     0  indicate_semi.o(.text)
    __rt_heap_descriptor                     0x080063d9   Thumb Code     8  rt_heap_descriptor_intlibspace.o(.text)
    __use_no_heap                            0x080063e1   Thumb Code     2  hguard.o(.text)
    __heap$guard                             0x080063e3   Thumb Code     2  hguard.o(.text)
    _terminate_user_alloc                    0x080063e5   Thumb Code     2  init_alloc.o(.text)
    _init_user_alloc                         0x080063e7   Thumb Code     2  init_alloc.o(.text)
    __Heap_Full                              0x080063e9   Thumb Code    34  init_alloc.o(.text)
    __Heap_Broken                            0x0800640b   Thumb Code     6  init_alloc.o(.text)
    _init_alloc                              0x08006411   Thumb Code    94  init_alloc.o(.text)
    malloc                                   0x0800646f   Thumb Code    94  h1_alloc.o(.text)
    _fseek                                   0x080064cd   Thumb Code   242  fseek.o(.text)
    fseek                                    0x080064cd   Thumb Code     0  fseek.o(.text)
    _seterr                                  0x080065c5   Thumb Code    20  stdio.o(.text)
    _writebuf                                0x080065d9   Thumb Code    84  stdio.o(.text)
    _fflush                                  0x0800662d   Thumb Code    70  stdio.o(.text)
    _deferredlazyseek                        0x08006673   Thumb Code    60  stdio.o(.text)
    __sig_exit                               0x080066b5   Thumb Code    10  defsig_exit.o(.text)
    __rt_SIGRTRED_inner                      0x080066c1   Thumb Code    14  defsig_rtred_inner.o(.text)
    strlen                                   0x080066f5   Thumb Code    62  strlen.o(.text)
    _sys_exit                                0x08006735   Thumb Code     8  sys_exit.o(.text)
    __Heap_Initialize                        0x08006741   Thumb Code    10  h1_init.o(.text)
    __Heap_DescSize                          0x0800674b   Thumb Code     4  h1_init.o(.text)
    __Heap_ProvideMemory                     0x0800674f   Thumb Code    52  h1_extend.o(.text)
    _ftell_internal                          0x08006783   Thumb Code    66  ftell.o(.text)
    ftell                                    0x08006783   Thumb Code     0  ftell.o(.text)
    __default_signal_display                 0x080067c5   Thumb Code    50  defsig_general.o(.text)
    __rt_SIGRTMEM                            0x080067f7   Thumb Code    14  defsig_rtmem_outer.o(.text)
    _ttywrch                                 0x08006805   Thumb Code    14  sys_wrch.o(.text)
    __aeabi_errno_addr                       0x08006815   Thumb Code     8  rt_errno_addr_intlibspace.o(.text)
    __errno$intlibspace                      0x08006815   Thumb Code     0  rt_errno_addr_intlibspace.o(.text)
    __rt_errno_addr$intlibspace              0x08006815   Thumb Code     0  rt_errno_addr_intlibspace.o(.text)
    __rt_SIGRTMEM_inner                      0x0800681d   Thumb Code    22  defsig_rtmem_inner.o(.text)
    _is_digit                                0x0800686d   Thumb Code    14  __printf_wp.o(i._is_digit)
    fputc                                    0x0800687b   Thumb Code    26  fputc.o(i.fputc)
    asc2_1206                                0x08006995   Data        1140  oled.o(.constdata)
    asc2_1608                                0x08006e09   Data        1520  oled.o(.constdata)
    asc2_2412                                0x080073f9   Data        3420  oled.o(.constdata)
    __stdin_name                             0x0800818e   Data           4  sys_io.o(.constdata)
    __stdout_name                            0x08008192   Data           4  sys_io.o(.constdata)
    __stderr_name                            0x08008196   Data           4  sys_io.o(.constdata)
    Region$$Table$$Base                      0x0800819c   Number         0  anon$$obj.o(Region$$Table)
    Region$$Table$$Limit                     0x080081bc   Number         0  anon$$obj.o(Region$$Table)
    a                                        0x20000000   Data           4  main.o(.data)
    DOOR                                     0x20000004   Data           4  main.o(.data)
    CARD                                     0x20000008   Data           4  main.o(.data)
    CARD1                                    0x2000000c   Data           4  main.o(.data)
    a11                                      0x20000010   Data           4  main.o(.data)
    JD                                       0x20000014   Data           4  main.o(.data)
    b                                        0x20000018   Data           4  main.o(.data)
    c                                        0x2000001c   Data           4  main.o(.data)
    d                                        0x20000020   Data           4  main.o(.data)
    b1                                       0x20000024   Data           4  main.o(.data)
    b2                                       0x20000028   Data           4  main.o(.data)
    c1                                       0x2000002c   Data           4  main.o(.data)
    d1                                       0x20000030   Data           4  main.o(.data)
    mima                                     0x20000034   Data           4  main.o(.data)
    newmima                                  0x20000038   Data           4  main.o(.data)
    t                                        0x2000003c   Data           4  main.o(.data)
    t1                                       0x20000040   Data           4  main.o(.data)
    t2                                       0x20000044   Data           4  main.o(.data)
    t3                                       0x20000048   Data           4  main.o(.data)
    t4                                       0x2000004c   Data           4  main.o(.data)
    flashmima                                0x20000050   Data           4  main.o(.data)
    SystemCoreClock                          0x20000054   Data           4  system_stm32f10x.o(.data)
    AHBPrescTable                            0x20000058   Data          16  system_stm32f10x.o(.data)
    CT                                       0x20000068   Data           2  rc522.o(.data)
    SN                                       0x2000006a   Data           4  rc522.o(.data)
    card0_bit                                0x2000006e   Data           1  rc522.o(.data)
    card1_bit                                0x2000006f   Data           1  rc522.o(.data)
    card2_bit                                0x20000070   Data           1  rc522.o(.data)
    card3_bit                                0x20000071   Data           1  rc522.o(.data)
    card4_bit                                0x20000072   Data           1  rc522.o(.data)
    card5_bit                                0x20000073   Data           1  rc522.o(.data)
    total                                    0x20000074   Data           1  rc522.o(.data)
    card_0                                   0x20000075   Data           4  rc522.o(.data)
    card_1                                   0x20000079   Data           4  rc522.o(.data)
    card_2                                   0x2000007d   Data           4  rc522.o(.data)
    card_3                                   0x20000081   Data           4  rc522.o(.data)
    card_4                                   0x20000085   Data           4  rc522.o(.data)
    card_5                                   0x20000089   Data           4  rc522.o(.data)
    KEY_A                                    0x2000008d   Data           6  rc522.o(.data)
    KEY_B                                    0x20000093   Data           6  rc522.o(.data)
    AUDIO_OPEN                               0x20000099   Data           6  rc522.o(.data)
    RFID1                                    0x2000009f   Data          16  rc522.o(.data)
    RFID2                                    0x200000af   Data          16  rc522.o(.data)
    KEY_A1                                   0x200000bf   Data           6  rc522.o(.data)
    KEY_A2                                   0x200000c5   Data           6  rc522.o(.data)
    KEY_B1                                   0x200000cb   Data           6  rc522.o(.data)
    KEY_B2                                   0x200000d1   Data           6  rc522.o(.data)
    KEY_B3                                   0x200000d7   Data           6  rc522.o(.data)
    DATA1                                    0x200000dd   Data          16  rc522.o(.data)
    status                                   0x200000ed   Data           1  rc522.o(.data)
    addr                                     0x200000ee   Data           1  rc522.o(.data)
    Hzk1                                     0x200000ef   Data         352  oled.o(.data)
    Hzk2                                     0x2000024f   Data         216  oled.o(.data)
    Hzk3                                     0x20000327   Data        1024  oled.o(.data)
    Hzk4                                     0x20000727   Data        4096  oled.o(.data)
    SB                                       0x20001728   Data           4  pwm.o(.data)
    __aeabi_stdin                            0x20001744   Data           4  stdio_streams.o(.data)
    __aeabi_stdout                           0x20001748   Data           4  stdio_streams.o(.data)
    __aeabi_stderr                           0x2000174c   Data           4  stdio_streams.o(.data)
    DATA                                     0x20001750   Data          16  rc522.o(.bss)
    RFID                                     0x20001760   Data          16  rc522.o(.bss)
    DATA0                                    0x20001770   Data          16  rc522.o(.bss)
    OLED_GRAM                                0x20001780   Data        1152  oled.o(.bss)
    __stdin                                  0x20001c00   Data          84  stdio_streams.o(.bss)
    __stdout                                 0x20001c54   Data          84  stdio_streams.o(.bss)
    __stderr                                 0x20001ca8   Data          84  stdio_streams.o(.bss)
    __libspace_start                         0x20001cfc   Data          96  libspace.o(.bss)
    __temporary_stack_top$libspace           0x20001d5c   Data           0  libspace.o(.bss)



==============================================================================

Memory Map of the image

  Image Entry point : 0x08000131

  Load Region LR_IROM1 (Base: 0x08000000, Size: 0x0000990c, Max: 0x00080000, ABSOLUTE, COMPRESSED[0x000083dc])

    Execution Region ER_IROM1 (Exec base: 0x08000000, Load base: 0x08000000, Size: 0x000081bc, Max: 0x00080000, ABSOLUTE)

    Exec Addr    Load Addr    Size         Type   Attr      Idx    E Section Name        Object

    0x08000000   0x08000000   0x00000130   Data   RO          360    RESET               startup_stm32f10x_hd.o
    0x08000130   0x08000130   0x00000008   Code   RO          539  * !!!main             c_w.l(__main.o)
    0x08000138   0x08000138   0x00000034   Code   RO          888    !!!scatter          c_w.l(__scatter.o)
    0x0800016c   0x0800016c   0x0000005a   Code   RO          886    !!dczerorl2         c_w.l(__dczerorl2.o)
    0x080001c6   0x080001c6   0x00000002   PAD
    0x080001c8   0x080001c8   0x0000001c   Code   RO          890    !!handler_zi        c_w.l(__scatter_zi.o)
    0x080001e4   0x080001e4   0x00000000   Code   RO          530    .ARM.Collect$$_printf_percent$$00000000  c_w.l(_printf_percent.o)
    0x080001e4   0x080001e4   0x00000006   Code   RO          529    .ARM.Collect$$_printf_percent$$0000000C  c_w.l(_printf_x.o)
    0x080001ea   0x080001ea   0x00000006   Code   RO          528    .ARM.Collect$$_printf_percent$$00000014  c_w.l(_printf_s.o)
    0x080001f0   0x080001f0   0x00000004   Code   RO          548    .ARM.Collect$$_printf_percent$$00000017  c_w.l(_printf_percent_end.o)
    0x080001f4   0x080001f4   0x00000002   Code   RO          677    .ARM.Collect$$libinit$$00000000  c_w.l(libinit.o)
    0x080001f6   0x080001f6   0x00000000   Code   RO          679    .ARM.Collect$$libinit$$00000002  c_w.l(libinit2.o)
    0x080001f6   0x080001f6   0x00000000   Code   RO          681    .ARM.Collect$$libinit$$00000004  c_w.l(libinit2.o)
    0x080001f6   0x080001f6   0x00000008   Code   RO          682    .ARM.Collect$$libinit$$00000005  c_w.l(libinit2.o)
    0x080001fe   0x080001fe   0x00000000   Code   RO          684    .ARM.Collect$$libinit$$0000000A  c_w.l(libinit2.o)
    0x080001fe   0x080001fe   0x00000000   Code   RO          686    .ARM.Collect$$libinit$$0000000C  c_w.l(libinit2.o)
    0x080001fe   0x080001fe   0x00000000   Code   RO          688    .ARM.Collect$$libinit$$0000000E  c_w.l(libinit2.o)
    0x080001fe   0x080001fe   0x00000000   Code   RO          691    .ARM.Collect$$libinit$$00000011  c_w.l(libinit2.o)
    0x080001fe   0x080001fe   0x00000000   Code   RO          693    .ARM.Collect$$libinit$$00000013  c_w.l(libinit2.o)
    0x080001fe   0x080001fe   0x00000000   Code   RO          695    .ARM.Collect$$libinit$$00000015  c_w.l(libinit2.o)
    0x080001fe   0x080001fe   0x00000000   Code   RO          697    .ARM.Collect$$libinit$$00000017  c_w.l(libinit2.o)
    0x080001fe   0x080001fe   0x00000000   Code   RO          699    .ARM.Collect$$libinit$$00000019  c_w.l(libinit2.o)
    0x080001fe   0x080001fe   0x00000000   Code   RO          701    .ARM.Collect$$libinit$$0000001B  c_w.l(libinit2.o)
    0x080001fe   0x080001fe   0x00000000   Code   RO          703    .ARM.Collect$$libinit$$0000001D  c_w.l(libinit2.o)
    0x080001fe   0x080001fe   0x00000000   Code   RO          705    .ARM.Collect$$libinit$$0000001F  c_w.l(libinit2.o)
    0x080001fe   0x080001fe   0x00000000   Code   RO          707    .ARM.Collect$$libinit$$00000021  c_w.l(libinit2.o)
    0x080001fe   0x080001fe   0x00000000   Code   RO          709    .ARM.Collect$$libinit$$00000023  c_w.l(libinit2.o)
    0x080001fe   0x080001fe   0x00000004   Code   RO          710    .ARM.Collect$$libinit$$00000024  c_w.l(libinit2.o)
    0x08000202   0x08000202   0x00000000   Code   RO          711    .ARM.Collect$$libinit$$00000025  c_w.l(libinit2.o)
    0x08000202   0x08000202   0x00000000   Code   RO          715    .ARM.Collect$$libinit$$0000002C  c_w.l(libinit2.o)
    0x08000202   0x08000202   0x00000000   Code   RO          717    .ARM.Collect$$libinit$$0000002E  c_w.l(libinit2.o)
    0x08000202   0x08000202   0x00000000   Code   RO          719    .ARM.Collect$$libinit$$00000030  c_w.l(libinit2.o)
    0x08000202   0x08000202   0x00000000   Code   RO          721    .ARM.Collect$$libinit$$00000032  c_w.l(libinit2.o)
    0x08000202   0x08000202   0x00000002   Code   RO          722    .ARM.Collect$$libinit$$00000033  c_w.l(libinit2.o)
    0x08000204   0x08000204   0x00000002   Code   RO          865    .ARM.Collect$$libshutdown$$00000000  c_w.l(libshutdown.o)
    0x08000206   0x08000206   0x00000000   Code   RO          724    .ARM.Collect$$libshutdown$$00000002  c_w.l(libshutdown2.o)
    0x08000206   0x08000206   0x00000004   Code   RO          725    .ARM.Collect$$libshutdown$$00000003  c_w.l(libshutdown2.o)
    0x0800020a   0x0800020a   0x00000000   Code   RO          726    .ARM.Collect$$libshutdown$$00000004  c_w.l(libshutdown2.o)
    0x0800020a   0x0800020a   0x00000000   Code   RO          729    .ARM.Collect$$libshutdown$$00000007  c_w.l(libshutdown2.o)
    0x0800020a   0x0800020a   0x00000000   Code   RO          732    .ARM.Collect$$libshutdown$$0000000A  c_w.l(libshutdown2.o)
    0x0800020a   0x0800020a   0x00000000   Code   RO          734    .ARM.Collect$$libshutdown$$0000000C  c_w.l(libshutdown2.o)
    0x0800020a   0x0800020a   0x00000000   Code   RO          737    .ARM.Collect$$libshutdown$$0000000F  c_w.l(libshutdown2.o)
    0x0800020a   0x0800020a   0x00000002   Code   RO          738    .ARM.Collect$$libshutdown$$00000010  c_w.l(libshutdown2.o)
    0x0800020c   0x0800020c   0x00000000   Code   RO          541    .ARM.Collect$$rtentry$$00000000  c_w.l(__rtentry.o)
    0x0800020c   0x0800020c   0x00000000   Code   RO          556    .ARM.Collect$$rtentry$$00000002  c_w.l(__rtentry2.o)
    0x0800020c   0x0800020c   0x00000006   Code   RO          568    .ARM.Collect$$rtentry$$00000004  c_w.l(__rtentry4.o)
    0x08000212   0x08000212   0x00000000   Code   RO          558    .ARM.Collect$$rtentry$$00000009  c_w.l(__rtentry2.o)
    0x08000212   0x08000212   0x00000004   Code   RO          559    .ARM.Collect$$rtentry$$0000000A  c_w.l(__rtentry2.o)
    0x08000216   0x08000216   0x00000000   Code   RO          561    .ARM.Collect$$rtentry$$0000000C  c_w.l(__rtentry2.o)
    0x08000216   0x08000216   0x00000008   Code   RO          562    .ARM.Collect$$rtentry$$0000000D  c_w.l(__rtentry2.o)
    0x0800021e   0x0800021e   0x00000002   Code   RO          747    .ARM.Collect$$rtexit$$00000000  c_w.l(rtexit.o)
    0x08000220   0x08000220   0x00000000   Code   RO          803    .ARM.Collect$$rtexit$$00000002  c_w.l(rtexit2.o)
    0x08000220   0x08000220   0x00000004   Code   RO          804    .ARM.Collect$$rtexit$$00000003  c_w.l(rtexit2.o)
    0x08000224   0x08000224   0x00000006   Code   RO          805    .ARM.Collect$$rtexit$$00000004  c_w.l(rtexit2.o)
    0x0800022a   0x0800022a   0x00000002   PAD
    0x0800022c   0x0800022c   0x00000000   Code   RO          809    .emb_text           c_w.l(maybetermalloc1.o)
    0x0800022c   0x0800022c   0x00000f8c   Code   RO            1    .text               main.o
    0x080011b8   0x080011b8   0x0000001a   Code   RO          137    .text               stm32f10x_it.o
    0x080011d2   0x080011d2   0x00000002   PAD
    0x080011d4   0x080011d4   0x000001e0   Code   RO          178    .text               system_stm32f10x.o
    0x080013b4   0x080013b4   0x00001c58   Code   RO          196    .text               rc522.o
    0x0800300c   0x0800300c   0x00000068   Code   RO          220    .text               led.o
    0x08003074   0x08003074   0x000008b6   Code   RO          232    .text               oled.o
    0x0800392a   0x0800392a   0x00000002   PAD
    0x0800392c   0x0800392c   0x00000298   Code   RO          252    .text               keyscan.o
    0x08003bc4   0x08003bc4   0x000000c0   Code   RO          267    .text               key.o
    0x08003c84   0x08003c84   0x000000e4   Code   RO          280    .text               exti.o
    0x08003d68   0x08003d68   0x000000c0   Code   RO          293    .text               pwm.o
    0x08003e28   0x08003e28   0x000000d4   Code   RO          314    .text               delay.o
    0x08003efc   0x08003efc   0x00000040   Code   RO          361    .text               startup_stm32f10x_hd.o
    0x08003f3c   0x08003f3c   0x000000dc   Code   RO          365    .text               misc.o
    0x08004018   0x08004018   0x0000035c   Code   RO          389    .text               stm32f10x_gpio.o
    0x08004374   0x08004374   0x000003a4   Code   RO          401    .text               stm32f10x_rcc.o
    0x08004718   0x08004718   0x00000e1a   Code   RO          415    .text               stm32f10x_tim.o
    0x08005532   0x08005532   0x00000002   PAD
    0x08005534   0x08005534   0x0000030c   Code   RO          439    .text               stm32f10x_spi.o
    0x08005840   0x08005840   0x0000011c   Code   RO          463    .text               stm32f10x_exti.o
    0x0800595c   0x0800595c   0x00000018   Code   RO          479    .text               c_w.l(noretval__2printf.o)
    0x08005974   0x08005974   0x0000004e   Code   RO          483    .text               c_w.l(_printf_pad.o)
    0x080059c2   0x080059c2   0x00000052   Code   RO          485    .text               c_w.l(_printf_str.o)
    0x08005a14   0x08005a14   0x00000058   Code   RO          490    .text               c_w.l(_printf_hex_int.o)
    0x08005a6c   0x08005a6c   0x00000138   Code   RO          520    .text               c_w.l(__printf_flags_wp.o)
    0x08005ba4   0x08005ba4   0x0000008a   Code   RO          531    .text               c_w.l(rt_memcpy_v6.o)
    0x08005c2e   0x08005c2e   0x00000064   Code   RO          533    .text               c_w.l(rt_memcpy_w.o)
    0x08005c92   0x08005c92   0x0000004e   Code   RO          535    .text               c_w.l(rt_memclr_w.o)
    0x08005ce0   0x08005ce0   0x00000006   Code   RO          537    .text               c_w.l(heapauxi.o)
    0x08005ce6   0x08005ce6   0x000000b2   Code   RO          542    .text               c_w.l(_printf_intcommon.o)
    0x08005d98   0x08005d98   0x0000002c   Code   RO          544    .text               c_w.l(_printf_char.o)
    0x08005dc4   0x08005dc4   0x00000024   Code   RO          546    .text               c_w.l(_printf_char_file.o)
    0x08005de8   0x08005de8   0x00000030   Code   RO          570    .text               c_w.l(_printf_char_common.o)
    0x08005e18   0x08005e18   0x00000008   Code   RO          572    .text               c_w.l(ferror.o)
    0x08005e20   0x08005e20   0x00000138   Code   RO          578    .text               c_w.l(initio.o)
    0x08005f58   0x08005f58   0x00000066   Code   RO          586    .text               c_w.l(sys_io.o)
    0x08005fbe   0x08005fbe   0x0000004a   Code   RO          593    .text               c_w.l(sys_stackheap_outer.o)
    0x08006008   0x08006008   0x0000004e   Code   RO          597    .text               c_w.l(h1_free.o)
    0x08006056   0x08006056   0x000001d6   Code   RO          653    .text               c_w.l(flsbuf.o)
    0x0800622c   0x0800622c   0x00000046   Code   RO          655    .text               c_w.l(setvbuf.o)
    0x08006272   0x08006272   0x00000002   PAD
    0x08006274   0x08006274   0x000000ec   Code   RO          658    .text               c_w.l(fopen.o)
    0x08006360   0x08006360   0x0000004c   Code   RO          660    .text               c_w.l(fclose.o)
    0x080063ac   0x080063ac   0x00000012   Code   RO          666    .text               c_w.l(exit.o)
    0x080063be   0x080063be   0x0000000e   Code   RO          668    .text               c_w.l(defsig_rtred_outer.o)
    0x080063cc   0x080063cc   0x00000008   Code   RO          741    .text               c_w.l(libspace.o)
    0x080063d4   0x080063d4   0x00000002   Code   RO          744    .text               c_w.l(use_no_semi.o)
    0x080063d6   0x080063d6   0x00000000   Code   RO          746    .text               c_w.l(indicate_semi.o)
    0x080063d6   0x080063d6   0x00000002   PAD
    0x080063d8   0x080063d8   0x00000008   Code   RO          754    .text               c_w.l(rt_heap_descriptor_intlibspace.o)
    0x080063e0   0x080063e0   0x00000004   Code   RO          756    .text               c_w.l(hguard.o)
    0x080063e4   0x080063e4   0x0000008a   Code   RO          758    .text               c_w.l(init_alloc.o)
    0x0800646e   0x0800646e   0x0000005e   Code   RO          764    .text               c_w.l(h1_alloc.o)
    0x080064cc   0x080064cc   0x000000f8   Code   RO          780    .text               c_w.l(fseek.o)
    0x080065c4   0x080065c4   0x000000f0   Code   RO          782    .text               c_w.l(stdio.o)
    0x080066b4   0x080066b4   0x0000000a   Code   RO          788    .text               c_w.l(defsig_exit.o)
    0x080066be   0x080066be   0x00000002   PAD
    0x080066c0   0x080066c0   0x00000034   Code   RO          790    .text               c_w.l(defsig_rtred_inner.o)
    0x080066f4   0x080066f4   0x0000003e   Code   RO          794    .text               c_w.l(strlen.o)
    0x08006732   0x08006732   0x00000002   PAD
    0x08006734   0x08006734   0x0000000c   Code   RO          800    .text               c_w.l(sys_exit.o)
    0x08006740   0x08006740   0x0000000e   Code   RO          811    .text               c_w.l(h1_init.o)
    0x0800674e   0x0800674e   0x00000034   Code   RO          813    .text               c_w.l(h1_extend.o)
    0x08006782   0x08006782   0x00000042   Code   RO          823    .text               c_w.l(ftell.o)
    0x080067c4   0x080067c4   0x00000032   Code   RO          831    .text               c_w.l(defsig_general.o)
    0x080067f6   0x080067f6   0x0000000e   Code   RO          833    .text               c_w.l(defsig_rtmem_outer.o)
    0x08006804   0x08006804   0x0000000e   Code   RO          846    .text               c_w.l(sys_wrch.o)
    0x08006812   0x08006812   0x00000002   PAD
    0x08006814   0x08006814   0x00000008   Code   RO          853    .text               c_w.l(rt_errno_addr_intlibspace.o)
    0x0800681c   0x0800681c   0x00000050   Code   RO          859    .text               c_w.l(defsig_rtmem_inner.o)
    0x0800686c   0x0800686c   0x0000000e   Code   RO          518    i._is_digit         c_w.l(__printf_wp.o)
    0x0800687a   0x0800687a   0x0000001a   Code   RO          575    i.fputc             c_w.l(fputc.o)
    0x08006894   0x08006894   0x00000101   Data   RO          198    .constdata          rc522.o
    0x08006995   0x08006995   0x000017c0   Data   RO          234    .constdata          oled.o
    0x08008155   0x08008155   0x00000028   Data   RO          491    .constdata          c_w.l(_printf_hex_int.o)
    0x0800817d   0x0800817d   0x00000011   Data   RO          521    .constdata          c_w.l(__printf_flags_wp.o)
    0x0800818e   0x0800818e   0x00000004   Data   RO          587    .constdata          c_w.l(sys_io.o)
    0x08008192   0x08008192   0x00000004   Data   RO          588    .constdata          c_w.l(sys_io.o)
    0x08008196   0x08008196   0x00000004   Data   RO          589    .constdata          c_w.l(sys_io.o)
    0x0800819a   0x0800819a   0x00000002   PAD
    0x0800819c   0x0800819c   0x00000020   Data   RO          884    Region$$Table       anon$$obj.o


    Execution Region RW_IRAM1 (Exec base: 0x20000000, Load base: 0x080081bc, Size: 0x00002360, Max: 0x00010000, ABSOLUTE, COMPRESSED[0x00000220])

    Exec Addr    Load Addr    Size         Type   Attr      Idx    E Section Name        Object

    0x20000000   COMPRESSED   0x00000054   Data   RW            2    .data               main.o
    0x20000054   COMPRESSED   0x00000014   Data   RW          179    .data               system_stm32f10x.o
    0x20000068   COMPRESSED   0x00000087   Data   RW          199    .data               rc522.o
    0x200000ef   COMPRESSED   0x00001638   Data   RW          235    .data               oled.o
    0x20001727   COMPRESSED   0x00000001   Data   RW          268    .data               key.o
    0x20001728   COMPRESSED   0x00000004   Data   RW          294    .data               pwm.o
    0x2000172c   COMPRESSED   0x00000004   Data   RW          315    .data               delay.o
    0x20001730   COMPRESSED   0x00000014   Data   RW          402    .data               stm32f10x_rcc.o
    0x20001744   COMPRESSED   0x00000004   Data   RW          552    .data               c_w.l(stdio_streams.o)
    0x20001748   COMPRESSED   0x00000004   Data   RW          553    .data               c_w.l(stdio_streams.o)
    0x2000174c   COMPRESSED   0x00000004   Data   RW          554    .data               c_w.l(stdio_streams.o)
    0x20001750        -       0x00000030   Zero   RW          197    .bss                rc522.o
    0x20001780        -       0x00000480   Zero   RW          233    .bss                oled.o
    0x20001c00        -       0x00000054   Zero   RW          549    .bss                c_w.l(stdio_streams.o)
    0x20001c54        -       0x00000054   Zero   RW          550    .bss                c_w.l(stdio_streams.o)
    0x20001ca8        -       0x00000054   Zero   RW          551    .bss                c_w.l(stdio_streams.o)
    0x20001cfc        -       0x00000060   Zero   RW          742    .bss                c_w.l(libspace.o)
    0x20001d5c   COMPRESSED   0x00000004   PAD
    0x20001d60        -       0x00000200   Zero   RW          359    HEAP                startup_stm32f10x_hd.o
    0x20001f60        -       0x00000400   Zero   RW          358    STACK               startup_stm32f10x_hd.o


==============================================================================

Image component sizes


      Code (inc. data)   RO Data    RW Data    ZI Data      Debug   Object Name

       212         18          0          4          0       1011   delay.o
       228         12          0          0          0        877   exti.o
       192         16          0          1          0        780   key.o
       664         18          0          0          0       1142   keyscan.o
       104          4          0          0          0        495   led.o
      3980        634          0         84          0     259429   main.o
       220         22          0          0          0       1769   misc.o
      2230         44       6080       5688       1152       8690   oled.o
       192          6          0          4          0        995   pwm.o
      7256       1322        257        135         48      13474   rc522.o
        64         26        304          0       1536        780   startup_stm32f10x_hd.o
       284         10          0          0          0       2223   stm32f10x_exti.o
       860         38          0          0          0       5701   stm32f10x_gpio.o
        26          0          0          0          0       1162   stm32f10x_it.o
       932         36          0         20          0       8860   stm32f10x_rcc.o
       780         14          0          0          0       6582   stm32f10x_spi.o
      3610         88          0          0          0      22808   stm32f10x_tim.o
         0          0          0          0          0         32   sys.o
       480         38          0         20          0       1691   system_stm32f10x.o

    ----------------------------------------------------------------------
     22320       2346       6673       5956       2736     338501   Object Totals
         0          0         32          0          0          0   (incl. Generated)
         6          0          0          0          0          0   (incl. Padding)

    ----------------------------------------------------------------------

      Code (inc. data)   RO Data    RW Data    ZI Data      Debug   Library Member Name

        90          0          0          0          0          0   __dczerorl2.o
         8          0          0          0          0         68   __main.o
       312          4         17          0          0         92   __printf_flags_wp.o
        14          0          0          0          0         68   __printf_wp.o
         0          0          0          0          0          0   __rtentry.o
        12          0          0          0          0          0   __rtentry2.o
         6          0          0          0          0          0   __rtentry4.o
        52          8          0          0          0          0   __scatter.o
        28          0          0          0          0          0   __scatter_zi.o
        44          0          0          0          0        108   _printf_char.o
        48          6          0          0          0         96   _printf_char_common.o
        36          4          0          0          0         80   _printf_char_file.o
        88          4         40          0          0         88   _printf_hex_int.o
       178          0          0          0          0         88   _printf_intcommon.o
        78          0          0          0          0        108   _printf_pad.o
         0          0          0          0          0          0   _printf_percent.o
         4          0          0          0          0          0   _printf_percent_end.o
         6          0          0          0          0          0   _printf_s.o
        82          0          0          0          0         80   _printf_str.o
         6          0          0          0          0          0   _printf_x.o
        10          0          0          0          0         68   defsig_exit.o
        50          0          0          0          0         88   defsig_general.o
        80         58          0          0          0         76   defsig_rtmem_inner.o
        14          0          0          0          0         80   defsig_rtmem_outer.o
        52         38          0          0          0         76   defsig_rtred_inner.o
        14          0          0          0          0         80   defsig_rtred_outer.o
        18          0          0          0          0         80   exit.o
        76          0          0          0          0         88   fclose.o
         8          0          0          0          0         68   ferror.o
       470          0          0          0          0         88   flsbuf.o
       236          4          0          0          0        128   fopen.o
        26          0          0          0          0         68   fputc.o
       248          6          0          0          0         84   fseek.o
        66          0          0          0          0         76   ftell.o
        94          0          0          0          0         80   h1_alloc.o
        52          0          0          0          0         68   h1_extend.o
        78          0          0          0          0         80   h1_free.o
        14          0          0          0          0         84   h1_init.o
         6          0          0          0          0        152   heapauxi.o
         4          0          0          0          0        136   hguard.o
         0          0          0          0          0          0   indicate_semi.o
       138          0          0          0          0        168   init_alloc.o
       312         46          0          0          0        112   initio.o
         2          0          0          0          0          0   libinit.o
        14          0          0          0          0          0   libinit2.o
         2          0          0          0          0          0   libshutdown.o
         6          0          0          0          0          0   libshutdown2.o
         8          4          0          0         96         68   libspace.o
         0          0          0          0          0          0   maybetermalloc1.o
        24          4          0          0          0         84   noretval__2printf.o
         8          4          0          0          0         68   rt_errno_addr_intlibspace.o
         8          4          0          0          0         68   rt_heap_descriptor_intlibspace.o
        78          0          0          0          0         80   rt_memclr_w.o
       138          0          0          0          0         68   rt_memcpy_v6.o
       100          0          0          0          0         80   rt_memcpy_w.o
         2          0          0          0          0          0   rtexit.o
        10          0          0          0          0          0   rtexit2.o
        70          0          0          0          0         80   setvbuf.o
       240          6          0          0          0        156   stdio.o
         0          0          0         12        252          0   stdio_streams.o
        62          0          0          0          0         76   strlen.o
        12          4          0          0          0         68   sys_exit.o
       102          0         12          0          0        240   sys_io.o
        74          0          0          0          0         80   sys_stackheap_outer.o
        14          0          0          0          0         76   sys_wrch.o
         2          0          0          0          0         68   use_no_semi.o

    ----------------------------------------------------------------------
      4148        204         71         12        352       4264   Library Totals
        14          0          2          0          4          0   (incl. Padding)

    ----------------------------------------------------------------------

      Code (inc. data)   RO Data    RW Data    ZI Data      Debug   Library Name

      4134        204         69         12        348       4264   c_w.l

    ----------------------------------------------------------------------
      4148        204         71         12        352       4264   Library Totals

    ----------------------------------------------------------------------

==============================================================================


      Code (inc. data)   RO Data    RW Data    ZI Data      Debug   

     26468       2550       6744       5968       3088     339225   Grand Totals
     26468       2550       6744        544       3088     339225   ELF Image Totals (compressed)
     26468       2550       6744        544          0          0   ROM Totals

==============================================================================

    Total RO  Size (Code + RO Data)                33212 (  32.43kB)
    Total RW  Size (RW Data + ZI Data)              9056 (   8.84kB)
    Total ROM Size (Code + RO Data + RW Data)      33756 (  32.96kB)

==============================================================================

